/tmp/rootDir-9eef2b98-9af5-4003-b784-036faf55b5a2/NUCLEO-F411RE/.ai/build_network/stm32_app_main.c:52:5:aiInit	16	static
/tmp/rootDir-9eef2b98-9af5-4003-b784-036faf55b5a2/NUCLEO-F411RE/.ai/build_network/stm32_app_main.c:79:5:aiRun	8	static
/tmp/rootDir-9eef2b98-9af5-4003-b784-036faf55b5a2/NUCLEO-F411RE/.ai/build_network/stm32_app_main.c:90:6:main_loop	8	static
/tmp/rootDir-9eef2b98-9af5-4003-b784-036faf55b5a2/NUCLEO-F411RE/.ai/build_network/stm32_app_main.c:108:5:main	8	static
/tmp/rootDir-9eef2b98-9af5-4003-b784-036faf55b5a2/NUCLEO-F411RE/.ai/build_network/stm32_app_main.c:115:6:SystemInit	0	static
